[Message:   BepInEx] BepInEx 5.4.23.5 - Inscryption (16/06/2026 15:26:48)
[Info   :   BepInEx] Running under Unity v2019.4.24.6137584
[Info   :   BepInEx] CLR runtime version: 4.0.30319.17020
[Info   :   BepInEx] Supports SRE: False
[Info   :   BepInEx] System platform: Bits64, Windows
[Message:   BepInEx] Preloader started
[Info   :   BepInEx] Loaded 1 patcher method from [BepInEx.Preloader 5.4.23.5]
[Info   :   BepInEx] Loaded 1 patcher method from [BepInEx.MonoMod.Loader 1.0.0.0]
[Info   :   BepInEx] 2 patcher plugins loaded
[Info   :   BepInEx] Patching [UnityEngine.CoreModule] with [BepInEx.Chainloader]
[Info   :   MonoMod] Collecting target assemblies from mods
[Info   :   BepInEx] Patching [Assembly-CSharp] with [BepInEx.MonoMod.Loader.Patcher]
[Message:   MonoMod] [Main] Scanning for mods in directory.
[Message:   MonoMod] [ReadMod] Loading mod dir: C:\Users\Administrador\AppData\Roaming\Thunderstore Mod Manager\DataFolder\Inscryption\profiles\KayceePvP\BepInEx\monomod
[Message:   MonoMod] [ReadMod] Loading mod dir: C:\Users\Administrador\AppData\Roaming\Thunderstore Mod Manager\DataFolder\Inscryption\profiles\KayceePvP\BepInEx\monomod\API_dev-API
[Message:   MonoMod] [ReadMod] Loading mod: C:\Users\Administrador\AppData\Roaming\Thunderstore Mod Manager\DataFolder\Inscryption\profiles\KayceePvP\BepInEx\monomod\API_dev-API\Assembly-CSharp.APIPatcher.mm.dll
[Message:   MonoMod] [Main] Found 1 mods
[Message:   MonoMod] [Main] mm.PatchRefs(); fixup pre-pass
[Message:   MonoMod] [Main] mm.AutoPatch();
[Message:   MonoMod] [AutoPatch] Parsing rules in loaded mods
[Message:   MonoMod] [AutoPatch] PrePatch pass
[Message:   MonoMod] [AutoPatch] Patch pass
[Message:   MonoMod] [AutoPatch] PatchRefs pass
[Message:   MonoMod] [PostProcessor] PostProcessor pass #1
[Message:   MonoMod] [Main] Done.
[Message:   BepInEx] Preloader finished
[Message:   BepInEx] Chainloader ready
[Message:   BepInEx] Chainloader started
[Info   :   BepInEx] 4 plugins to load
[Warning:   BepInEx] Skipping [KayceePvP 0.1.3] because a newer version exists (KayceePvP 0.1.3)
[Info   :   BepInEx] Loading [InscryptionAPI 2.24.0]
[Info   :   BepInEx] Loading [InscryptionCommunityPatch 2.24.0]
[Info   :   BepInEx] Loading [KayceePvP 0.1.3]
[Info   : KayceePvP] PvpDialogueOverrides: initialized - 17 event override(s), 4 literal override(s).
[Info   : KayceePvP] Card mutation: PackRat -> Curious Rat (add=[Tutor] negate=[RandomConsumable+RandomAbility]).
[Info   : KayceePvP] Card mutation: Amoeba -> Alpha Amoeba (add=[BuffNeighbours] negate=[RandomAbility]).
[Info   : KayceePvP] SelfCheck: ownership matrix (HOST/PEER x local/remote card, 4/4 cases) passed.
[Info   : KayceePvP] SelfCheck: starter deck gate (multiplayer on/off, 2/2 cases) passed.
[Info   : KayceePvP] SelfCheck: map-mode convergence (shared WaitForPeerDeckThenDuel entry point, no duplicate wait) passed.
[Info   : KayceePvP] SelfCheck: rematch protocol (8/8 cases) passed.
[Info   : KayceePvP] SelfCheck: PvP item allowlist (11/11 cases) passed.
[Info   : KayceePvP] KayceePvP 0.1.3 loaded.
[Message:   BepInEx] Chainloader startup complete
[Info   :   Console] Searching for compatible XInput library...
[Info   :   Console] Found Xinput1_4.dll.
[Info   : Unity Log] Test save file:
[Info   : Unity Log] DiskCardGame.StoryEventsData
[Debug  :InscryptionAPI] Inserted 4 dialogue event(s)!
[Debug  :   BepInEx] [UnityInput] Using LegacyInputSystem
[Info   : Unity Log] Test save file:
[Info   : Unity Log] DiskCardGame.StoryEventsData
[Info   : Unity Log] Received stats and achievements from Steam

[Debug  :InscryptionCommunityPatch] Ability [Reach] stacks [1] time(s)
[Debug  :InscryptionCommunityPatch] Ability [TriStrike] stacks [1] time(s)
[Debug  :InscryptionCommunityPatch] Ability [HydraEgg] stacks [1] time(s)
[Debug  :InscryptionCommunityPatch] Ability [HydraEgg] stacks [1] time(s)
[Debug  :InscryptionCommunityPatch] Ability [HydraEgg] stacks [1] time(s)
[Debug  :InscryptionCommunityPatch] Ability [Tutor] stacks [1] time(s)
[Debug  :InscryptionCommunityPatch] Ability [Morsel] stacks [1] time(s)
[Debug  :InscryptionCommunityPatch] Ability [TailOnHit] stacks [1] time(s)
[Warning: Unity Log] Parent of RectTransform is being set with parent property. Consider using the SetParent method instead, with the worldPositionStays argument set to false. This will retain local orientation and scale rather than world orientation and scale, which can prevent common UI scaling issues.
[Warning: Unity Log] Parent of RectTransform is being set with parent property. Consider using the SetParent method instead, with the worldPositionStays argument set to false. This will retain local orientation and scale rather than world orientation and scale, which can prevent common UI scaling issues.
[Info   : KayceePvP] New Ascension run requested - opening PvP lobby before it starts.
[Info   : KayceePvP] Lobby: host set map mode = SymmetricForge
[Info   : KayceePvP] Relay: connecting to 'kayceepvp.duckdns.org':443...
[Info   : KayceePvP] Relay: TLS handshake complete.
[Info   : KayceePvP] Relay: paired with peer.
[Info   : KayceePvP] Lobby: run starting, shared map seed = 20260727, matchId = -1779874300, mapMode = SymmetricForge, names=[gus]/[sfddasdsdf]
[Info   : KayceePvP] Lobby ready - starting PvP run with shared map seed 20260727, matchId -1779874300, mapMode SymmetricForge (host goes first: True).
[Info   :InscryptionAPI] Forest
[Info   :InscryptionAPI] Wetlands
[Info   :InscryptionAPI] Alpine
[Info   : KayceePvP] PvP: filtered 4 card occurrence(s) (Kraken/tentacle/Hydra/Ijiraq) out of a card pool (57 -> 53).
[Info   : KayceePvP] RunSetup: granted starting totem heads for this run.
[Warning: Singleton] Got null in Singleton<DiskCardGame.TurnManager>.FindInstance
[Warning: Singleton] Got null in Singleton<DiskCardGame.TurnManager>.FindInstance
[Warning: Singleton] Got null in Singleton<DiskCardGame.TurnManager>.FindInstance
[Warning: Singleton] Got null in Singleton<DiskCardGame.TurnManager>.FindInstance
[Warning: Singleton] Got null in Singleton<DiskCardGame.TurnManager>.FindInstance
[Warning: Singleton] Got null in Singleton<DiskCardGame.TurnManager>.FindInstance
[Warning: Singleton] Got null in Singleton<DiskCardGame.TurnManager>.FindInstance
[Warning: Singleton] Got null in Singleton<DiskCardGame.TurnManager>.FindInstance
[Warning: Singleton] Got null in Singleton<DiskCardGame.TurnManager>.FindInstance
[Warning: Singleton] Got null in Singleton<DiskCardGame.TurnManager>.FindInstance
[Warning: Singleton] Got null in Singleton<DiskCardGame.TurnManager>.FindInstance
[Info   : Unity Log] Test save file:
[Info   : Unity Log] DiskCardGame.StoryEventsData
[Warning: Singleton] Got null in Singleton<DiskCardGame.TurnManager>.FindInstance
[Warning: Singleton] Got null in Singleton<DiskCardGame.TurnManager>.FindInstance
[Warning: Singleton] Got null in Singleton<DiskCardGame.TurnManager>.FindInstance
[Warning: Singleton] Got null in Singleton<DiskCardGame.TurnManager>.FindInstance
[Warning: Singleton] Got null in Singleton<DiskCardGame.TurnManager>.FindInstance
[Warning: Singleton] Got null in Singleton<DiskCardGame.TurnManager>.FindInstance
[Warning: Singleton] Got null in Singleton<DiskCardGame.TurnManager>.FindInstance
[Warning: Singleton] Got null in Singleton<DiskCardGame.TurnManager>.FindInstance
[Warning: Singleton] Got null in Singleton<DiskCardGame.TurnManager>.FindInstance
[Warning: Singleton] Got null in Singleton<DiskCardGame.TurnManager>.FindInstance
[Warning: Singleton] Got null in Singleton<DiskCardGame.TurnManager>.FindInstance
[Warning: Singleton] Got null in Singleton<DiskCardGame.TurnManager>.FindInstance
[Warning: Singleton] Got null in Singleton<DiskCardGame.TurnManager>.FindInstance
[Warning: Singleton] Got null in Singleton<DiskCardGame.TurnManager>.FindInstance
[Warning: Singleton] Got null in Singleton<DiskCardGame.TurnManager>.FindInstance
[Warning: Singleton] Got null in Singleton<DiskCardGame.TurnManager>.FindInstance
[Warning: Singleton] Got null in Singleton<DiskCardGame.TurnManager>.FindInstance
[Warning: Singleton] Got null in Singleton<DiskCardGame.TurnManager>.FindInstance
[Warning: Singleton] Got null in Singleton<DiskCardGame.TurnManager>.FindInstance
[Warning: Singleton] Got null in Singleton<DiskCardGame.TurnManager>.FindInstance
[Warning: Singleton] Got null in Singleton<DiskCardGame.TurnManager>.FindInstance
[Warning: Singleton] Got null in Singleton<DiskCardGame.TurnManager>.FindInstance
[Warning: Singleton] Got null in Singleton<DiskCardGame.TurnManager>.FindInstance
[Warning: Singleton] Got null in Singleton<DiskCardGame.TurnManager>.FindInstance
[Warning: Singleton] Got null in Singleton<DiskCardGame.TurnManager>.FindInstance
[Warning: Singleton] Got null in Singleton<DiskCardGame.TurnManager>.FindInstance
[Warning: Singleton] Got null in Singleton<DiskCardGame.TurnManager>.FindInstance
[Warning: Singleton] Got null in Singleton<DiskCardGame.TurnManager>.FindInstance
[Warning: Singleton] Got null in Singleton<DiskCardGame.TurnManager>.FindInstance
[Warning: Singleton] Got null in Singleton<DiskCardGame.TurnManager>.FindInstance
[Warning: Singleton] Got null in Singleton<DiskCardGame.TurnManager>.FindInstance
[Warning: Singleton] Got null in Singleton<DiskCardGame.TurnManager>.FindInstance
[Warning: Singleton] Got null in Singleton<DiskCardGame.TurnManager>.FindInstance
[Warning: Singleton] Got null in Singleton<DiskCardGame.TurnManager>.FindInstance
[Warning: Singleton] Got null in Singleton<DiskCardGame.TurnManager>.FindInstance
[Warning: Singleton] Got null in Singleton<DiskCardGame.TurnManager>.FindInstance
[Warning: Singleton] Got null in Singleton<DiskCardGame.TurnManager>.FindInstance
[Warning: Singleton] Got null in Singleton<DiskCardGame.TurnManager>.FindInstance
[Warning: Singleton] Got null in Singleton<DiskCardGame.TurnManager>.FindInstance
[Warning: Singleton] Got null in Singleton<DiskCardGame.TurnManager>.FindInstance
[Warning: Singleton] Got null in Singleton<DiskCardGame.TurnManager>.FindInstance
[Warning: Singleton] Got null in Singleton<DiskCardGame.TurnManager>.FindInstance
[Warning: Singleton] Got null in Singleton<DiskCardGame.TurnManager>.FindInstance
[Warning: Singleton] Got null in Singleton<DiskCardGame.TurnManager>.FindInstance
[Warning: Singleton] Got null in Singleton<DiskCardGame.TurnManager>.FindInstance
[Warning: Singleton] Got null in Singleton<DiskCardGame.TurnManager>.FindInstance
[Warning: Singleton] Got null in Singleton<DiskCardGame.TurnManager>.FindInstance
[Warning: Singleton] Got null in Singleton<DiskCardGame.TurnManager>.FindInstance
[Warning: Singleton] Got null in Singleton<DiskCardGame.TurnManager>.FindInstance
[Warning: Singleton] Got null in Singleton<DiskCardGame.TurnManager>.FindInstance
[Warning: Singleton] Got null in Singleton<DiskCardGame.TurnManager>.FindInstance
[Warning: Singleton] Got null in Singleton<DiskCardGame.TurnManager>.FindInstance
[Debug  :InscryptionCommunityPatch] Card pool has Energy cards? False. Card pool has Gem cards? False.
[Info   : KayceePvP] Duel (totem): RunState.Run.totems changed | SELF=PEER count=0 totemTops=5 totemBottoms=0 assembled=[]
[Warning: Singleton] Got null in Singleton<DiskCardGame.MapNodeManager>.FindInstance
[Warning: Singleton] Got null in Singleton<DiskCardGame.MapNodeManager>.FindInstance
[Info   : KayceePvP] Duel debug (F6 deck): arquivo='C:\Users\Administrador\AppData\Roaming\Thunderstore Mod Manager\DataFolder\Inscryption\profiles\KayceePvP\BepInEx\config\KayceePvP.F6Deck.txt' solicitado=[Squirrel x3, Goat x2, Pronghorn x4, Snelk x2, Beehive+CorpseEater+Sacrificial x3] resolvido=[Squirrel x3, Goat x2, Pronghorn x4, Snelk x2, Beehive+CorpseEater+Sacrificial x3] total=14 cartas - handing off to the shared peer-deck wait (sending is now done inside it), then the real ready screen + DuelStart.Begin() (map/boss/Death Card skipped).
[Info   : KayceePvP] Lobby: sent our deck (14 cards, route=) to the opponent, waiting for theirs...
[Info   : KayceePvP] Lobby: opponent finished their boss - received their deck (14 cards, route=, risk=clean).
[Info   : KayceePvP] PvP handoff: peer deck received (14 cards) - continuing to the duel.
[Info   : KayceePvP] PvP handoff: already in the gameplay scene - skipping the scene reload, going straight to the ready screen.
[Info   : KayceePvP] Duel (combat): CombatResolutionSignalPatch.ResetForMatch - reason='PrepareForMatch(-1779874300)', generation 0 -> 0.
[Info   : KayceePvP] Duel (turnend): TurnEndResolutionSignalPatch.ResetForMatch - reason='PrepareForMatch(-1779874300)', generation 0 -> 0.
[Info   : KayceePvP] Duel: prepared for match -1779874300 - sequence/turn counters reset.
[Info   : KayceePvP] Duel (lobby-match): INTERBATTLE_RELOAD_LATCH_OFF | match=0 battle=1
[Info   : KayceePvP] Duel (interbattle): ResetBattleFlowForMatch - reason='PvpCardCreationFlow.ShowReadyScreenAndCountdown (real ready phase)', matchId 0 -> -1779874300, _handledBattle 0 -> 0.
[Info   : KayceePvP] PvP: duel_begin confirmed by host protocol - starting the duel now.
[Info   : KayceePvP] PvP items: replaced preparation inventory with exactly one SquirrelBottle for series -1779874300.
[Info   : KayceePvP] Duel (lobby-match): BeginMatch | match=-1779874300 frozenLocalDeckCount=14
[Info   : KayceePvP] Duel: ARMED_TURN_OWNERSHIP | self=PEER match=-1779874300 battle=1 hostGoesFirstThisBattle=True soloDebugMode=False localFirstTurn=1 expectedOutgoing=1 expectedIncoming=0
[Info   : KayceePvP] Duel: starting with 14 cards.
[Info   : KayceePvP] Duel (totem): SNAPSHOT at battle begin (battle 1) | matchId=-1779874300 battleNumber=1 SELF=PEER ownTotems=[none]
[Warning: Singleton] Got null in Singleton<DiskCardGame.ConduitCircuitManager>.FindInstance
[Info   : KayceePvP] Duel (deck-shuffle): role=PEER matchId=-1779874300 battleNumber=1 seed=902925104 firstPicks=[Squirrel,Squirrel,Squirrel]
[Info   : KayceePvP] Duel (deck-shuffle): role=PEER matchId=-1779874300 battleNumber=1 seed=902925104 firstPicks=[Pronghorn,Pronghorn,Pronghorn]
[Info   : KayceePvP] NetworkOpponent: waiting for the peer's turn (4 opponent slots available). gen=1
[Error  : Unity Log] NullReferenceException: Object reference not set to an instance of an object
Stack trace:
DiskCardGame.ConsumableItemSlot.OnCursorStay () (at <4bde92741da1454db82522c215e393a6>:0)
DiskCardGame.MainInputInteractable.CursorStay () (at <4bde92741da1454db82522c215e393a6>:0)
DiskCardGame.InteractionCursor.UpdateMainInput () (at <4bde92741da1454db82522c215e393a6>:0)
DiskCardGame.InteractionCursor.ManagedUpdate () (at <4bde92741da1454db82522c215e393a6>:0)
FrameLoopManager.ExecuteIteration (FrameLoopManager+IterationType type) (at <4bde92741da1454db82522c215e393a6>:0)
FrameLoopManager.Update () (at <4bde92741da1454db82522c215e393a6>:0)

[Error  : Unity Log] NullReferenceException: Object reference not set to an instance of an object
Stack trace:
DiskCardGame.ConsumableItemSlot.OnCursorStay () (at <4bde92741da1454db82522c215e393a6>:0)
DiskCardGame.MainInputInteractable.CursorStay () (at <4bde92741da1454db82522c215e393a6>:0)
DiskCardGame.InteractionCursor.UpdateMainInput () (at <4bde92741da1454db82522c215e393a6>:0)
DiskCardGame.InteractionCursor.ManagedUpdate () (at <4bde92741da1454db82522c215e393a6>:0)
FrameLoopManager.ExecuteIteration (FrameLoopManager+IterationType type) (at <4bde92741da1454db82522c215e393a6>:0)
FrameLoopManager.Update () (at <4bde92741da1454db82522c215e393a6>:0)

[Error  : Unity Log] NullReferenceException: Object reference not set to an instance of an object
Stack trace:
DiskCardGame.ConsumableItemSlot.OnCursorStay () (at <4bde92741da1454db82522c215e393a6>:0)
DiskCardGame.MainInputInteractable.CursorStay () (at <4bde92741da1454db82522c215e393a6>:0)
DiskCardGame.InteractionCursor.UpdateMainInput () (at <4bde92741da1454db82522c215e393a6>:0)
DiskCardGame.InteractionCursor.ManagedUpdate () (at <4bde92741da1454db82522c215e393a6>:0)
FrameLoopManager.ExecuteIteration (FrameLoopManager+IterationType type) (at <4bde92741da1454db82522c215e393a6>:0)
FrameLoopManager.Update () (at <4bde92741da1454db82522c215e393a6>:0)

[Error  : Unity Log] NullReferenceException: Object reference not set to an instance of an object
Stack trace:
DiskCardGame.ConsumableItemSlot.OnCursorStay () (at <4bde92741da1454db82522c215e393a6>:0)
DiskCardGame.MainInputInteractable.CursorStay () (at <4bde92741da1454db82522c215e393a6>:0)
DiskCardGame.InteractionCursor.UpdateMainInput () (at <4bde92741da1454db82522c215e393a6>:0)
DiskCardGame.InteractionCursor.ManagedUpdate () (at <4bde92741da1454db82522c215e393a6>:0)
FrameLoopManager.ExecuteIteration (FrameLoopManager+IterationType type) (at <4bde92741da1454db82522c215e393a6>:0)
FrameLoopManager.Update () (at <4bde92741da1454db82522c215e393a6>:0)

[Error  : Unity Log] NullReferenceException: Object reference not set to an instance of an object
Stack trace:
DiskCardGame.ConsumableItemSlot.OnCursorStay () (at <4bde92741da1454db82522c215e393a6>:0)
DiskCardGame.MainInputInteractable.CursorStay () (at <4bde92741da1454db82522c215e393a6>:0)
DiskCardGame.InteractionCursor.UpdateMainInput () (at <4bde92741da1454db82522c215e393a6>:0)
DiskCardGame.InteractionCursor.ManagedUpdate () (at <4bde92741da1454db82522c215e393a6>:0)
FrameLoopManager.ExecuteIteration (FrameLoopManager+IterationType type) (at <4bde92741da1454db82522c215e393a6>:0)
FrameLoopManager.Update () (at <4bde92741da1454db82522c215e393a6>:0)

[Error  : Unity Log] NullReferenceException: Object reference not set to an instance of an object
Stack trace:
DiskCardGame.ConsumableItemSlot.OnCursorStay () (at <4bde92741da1454db82522c215e393a6>:0)
DiskCardGame.MainInputInteractable.CursorStay () (at <4bde92741da1454db82522c215e393a6>:0)
DiskCardGame.InteractionCursor.UpdateMainInput () (at <4bde92741da1454db82522c215e393a6>:0)
DiskCardGame.InteractionCursor.ManagedUpdate () (at <4bde92741da1454db82522c215e393a6>:0)
FrameLoopManager.ExecuteIteration (FrameLoopManager+IterationType type) (at <4bde92741da1454db82522c215e393a6>:0)
FrameLoopManager.Update () (at <4bde92741da1454db82522c215e393a6>:0)

[Error  : Unity Log] NullReferenceException: Object reference not set to an instance of an object
Stack trace:
DiskCardGame.ConsumableItemSlot.OnCursorStay () (at <4bde92741da1454db82522c215e393a6>:0)
DiskCardGame.MainInputInteractable.CursorStay () (at <4bde92741da1454db82522c215e393a6>:0)
DiskCardGame.InteractionCursor.UpdateMainInput () (at <4bde92741da1454db82522c215e393a6>:0)
DiskCardGame.InteractionCursor.ManagedUpdate () (at <4bde92741da1454db82522c215e393a6>:0)
FrameLoopManager.ExecuteIteration (FrameLoopManager+IterationType type) (at <4bde92741da1454db82522c215e393a6>:0)
FrameLoopManager.Update () (at <4bde92741da1454db82522c215e393a6>:0)

[Error  : Unity Log] NullReferenceException: Object reference not set to an instance of an object
Stack trace:
DiskCardGame.ConsumableItemSlot.OnCursorStay () (at <4bde92741da1454db82522c215e393a6>:0)
DiskCardGame.MainInputInteractable.CursorStay () (at <4bde92741da1454db82522c215e393a6>:0)
DiskCardGame.InteractionCursor.UpdateMainInput () (at <4bde92741da1454db82522c215e393a6>:0)
DiskCardGame.InteractionCursor.ManagedUpdate () (at <4bde92741da1454db82522c215e393a6>:0)
FrameLoopManager.ExecuteIteration (FrameLoopManager+IterationType type) (at <4bde92741da1454db82522c215e393a6>:0)
FrameLoopManager.Update () (at <4bde92741da1454db82522c215e393a6>:0)

[Error  : Unity Log] NullReferenceException: Object reference not set to an instance of an object
Stack trace:
DiskCardGame.ConsumableItemSlot.OnCursorStay () (at <4bde92741da1454db82522c215e393a6>:0)
DiskCardGame.MainInputInteractable.CursorStay () (at <4bde92741da1454db82522c215e393a6>:0)
DiskCardGame.InteractionCursor.UpdateMainInput () (at <4bde92741da1454db82522c215e393a6>:0)
DiskCardGame.InteractionCursor.ManagedUpdate () (at <4bde92741da1454db82522c215e393a6>:0)
FrameLoopManager.ExecuteIteration (FrameLoopManager+IterationType type) (at <4bde92741da1454db82522c215e393a6>:0)
FrameLoopManager.Update () (at <4bde92741da1454db82522c215e393a6>:0)

[Info   : KayceePvP] Duel: TRACE_HANDLE_MESSAGE | self=PEER sender=HOST type=end_turn match=-1779874300 battle=1 turn=0 seq=0 currentTurn=0 isPlayerTurn=False netTransitMsApprox=-1491,8
[Info   : KayceePvP] Duel: RECEIVED | match=-1779874300 battle=1 turn=0 seq=0 sender=HOST type=end_turn queueBefore=0 queueAfter=1 currentTurn=0
[Info   : KayceePvP] NetworkOpponent: PROCESSING | gen=1 match=-1779874300 battle=1 turn=0 seq=0 type=end_turn queueBefore=1 queueAfter=0 currentTurn=0 isPlayerTurn=False queueDwellMs=3,4
[Info   : KayceePvP] NetworkOpponent: end_turn (seq=0) arrived during SetupPhase's QueueFirstCardBeforePlayer mirror - vanilla never calls DoCombatPhase for this turn on its own, running it here before releasing this side's own first turn. gen=1 generationBefore=0
[Info   : KayceePvP] Duel (combat): COMBAT_PHASE_STARTED | self=PEER generation=1 playerIsAttacker=False
[Info   : KayceePvP] Duel (combat): COMBAT_PHASE_RESOLVED | self=PEER generation=1 playerIsAttacker=False
[Info   : KayceePvP] NetworkOpponent: SetupPhase-mirrored combat for end_turn seq=0 resolved - dispatching the TurnEnd trigger OpponentTurn() would have fired here, so mirrored TurnEnd abilities (e.g. Strafe) move on this side too. gen=1
[Info   : KayceePvP] Duel (ability-trigger): GlobalTriggerHandler.TriggerCardsOnBoard(Trigger.TurnEnd) DISPATCHED | SELF=PEER playerTurnEndArg=False
[Info   : KayceePvP] Duel (turnend): TURN_END_TRIGGER_STARTED | self=PEER generation=1
[Info   : KayceePvP] Duel (turnend): TURN_END_TRIGGER_RESOLVED | self=PEER generation=1
[Info   : KayceePvP] Duel: LOCAL STATE HASH | match=-1779874300 forSeq=0 basedOnActionFromHost=True hash=S6V0hVxoBAO3jJTH state=[HOST=[EMPTY;EMPTY;EMPTY;EMPTY] PEER=[EMPTY;EMPTY;EMPTY;EMPTY] BAL=0 TURN=1 BATTLE=1 HW=0 PW=0]
[Info   : KayceePvP] DIAG PlayerIsWinner | role=PEER result=False opponent.NumLives=1 opponent.Surrendered=False
[Info   : KayceePvP] DIAG GameIsOver | role=PEER result=False balance=0 opponent.NumLives=1 opponent.Surrendered=False PlayerSurrendered=False MatchEnded=False
[Info   : KayceePvP] Duel: TRACE_HANDLE_MESSAGE | self=PEER sender=HOST type=duel_state_hash match=-1779874300 battle=1 turn=1 seq=1 currentTurn=1 isPlayerTurn=True netTransitMsApprox=-1526,8
[Info   : KayceePvP] Duel: RECEIVED PEER HASH | match=-1779874300 sender=HOST forSeq=0 basedOnActionFromHost=True hash=S6V0hVxoBAO3jJTH
[Info   : KayceePvP] Duel: STATE HASH MATCH | match=-1779874300 forSeq=0 basedOnActionFromHost=True hash=S6V0hVxoBAO3jJTH
[Info   : KayceePvP] Duel: SENDING | match=-1779874300 turn=1 seq=1 sender=PEER type=end_turn cardsPlayedThisTurn=0
[Info   : KayceePvP] Duel (combat): COMBAT_PHASE_STARTED | self=PEER generation=2 playerIsAttacker=True
[Info   : KayceePvP] Duel: TRACE_HANDLE_MESSAGE | self=PEER sender=HOST type=duel_state_hash match=-1779874300 battle=1 turn=2 seq=2 currentTurn=1 isPlayerTurn=True netTransitMsApprox=-1541,0
[Info   : KayceePvP] Duel: RECEIVED PEER HASH | match=-1779874300 sender=HOST forSeq=1 basedOnActionFromHost=False hash=leFGgqPtx6EBMrP8
[Info   : KayceePvP] Duel (combat): COMBAT_PHASE_RESOLVED | self=PEER generation=2 playerIsAttacker=True
[Info   : KayceePvP] Duel (ability-trigger): GlobalTriggerHandler.TriggerCardsOnBoard(Trigger.TurnEnd) DISPATCHED | SELF=PEER playerTurnEndArg=True
[Info   : KayceePvP] Duel (turnend): TURN_END_TRIGGER_STARTED | self=PEER generation=2
[Info   : KayceePvP] Duel (turnend): TURN_END_TRIGGER_RESOLVED | self=PEER generation=2
[Info   : KayceePvP] Duel: LOCAL STATE HASH | match=-1779874300 forSeq=1 basedOnActionFromHost=False hash=leFGgqPtx6EBMrP8 state=[HOST=[EMPTY;EMPTY;EMPTY;EMPTY] PEER=[EMPTY;EMPTY;EMPTY;EMPTY] BAL=0 TURN=2 BATTLE=1 HW=0 PW=0]
[Info   : KayceePvP] Duel: STATE HASH MATCH | match=-1779874300 forSeq=1 basedOnActionFromHost=False hash=leFGgqPtx6EBMrP8
[Info   : KayceePvP] NetworkOpponent: waiting for the peer's turn (4 opponent slots available). gen=2
[Info   : KayceePvP] Duel: TRACE_HANDLE_MESSAGE | self=PEER sender=HOST type=end_turn match=-1779874300 battle=1 turn=2 seq=3 currentTurn=2 isPlayerTurn=False netTransitMsApprox=-1559,2
[Info   : KayceePvP] Duel: RECEIVED | match=-1779874300 battle=1 turn=2 seq=3 sender=HOST type=end_turn queueBefore=0 queueAfter=1 currentTurn=2
[Info   : KayceePvP] NetworkOpponent: PROCESSING | gen=2 match=-1779874300 battle=1 turn=2 seq=3 type=end_turn queueBefore=1 queueAfter=0 currentTurn=2 isPlayerTurn=False queueDwellMs=8,2
[Info   : KayceePvP] Duel (combat): COMBAT_PHASE_STARTED | self=PEER generation=3 playerIsAttacker=False
[Info   : KayceePvP] Duel (combat): COMBAT_PHASE_RESOLVED | self=PEER generation=3 playerIsAttacker=False
[Info   : KayceePvP] Duel (ability-trigger): GlobalTriggerHandler.TriggerCardsOnBoard(Trigger.TurnEnd) DISPATCHED | SELF=PEER playerTurnEndArg=False
[Info   : KayceePvP] Duel (turnend): TURN_END_TRIGGER_STARTED | self=PEER generation=3
[Info   : KayceePvP] Duel (turnend): TURN_END_TRIGGER_RESOLVED | self=PEER generation=3
[Info   : KayceePvP] Duel: LOCAL STATE HASH | match=-1779874300 forSeq=3 basedOnActionFromHost=True hash=7eTRiAbkIpoZjUHR state=[HOST=[EMPTY;EMPTY;EMPTY;EMPTY] PEER=[EMPTY;EMPTY;EMPTY;EMPTY] BAL=0 TURN=3 BATTLE=1 HW=0 PW=0]
[Info   : KayceePvP] Duel: TRACE_HANDLE_MESSAGE | self=PEER sender=HOST type=duel_state_hash match=-1779874300 battle=1 turn=3 seq=4 currentTurn=3 isPlayerTurn=True netTransitMsApprox=-1543,0
[Info   : KayceePvP] Duel: RECEIVED PEER HASH | match=-1779874300 sender=HOST forSeq=3 basedOnActionFromHost=True hash=7eTRiAbkIpoZjUHR
[Info   : KayceePvP] Duel: STATE HASH MATCH | match=-1779874300 forSeq=3 basedOnActionFromHost=True hash=7eTRiAbkIpoZjUHR
[Info   : KayceePvP] Duel: SENDING | match=-1779874300 turn=3 seq=4 sender=PEER type=end_turn cardsPlayedThisTurn=0
[Info   : KayceePvP] Duel (combat): COMBAT_PHASE_STARTED | self=PEER generation=4 playerIsAttacker=True
[Info   : KayceePvP] Duel: TRACE_HANDLE_MESSAGE | self=PEER sender=HOST type=duel_state_hash match=-1779874300 battle=1 turn=4 seq=5 currentTurn=3 isPlayerTurn=True netTransitMsApprox=-1542,2
[Info   : KayceePvP] Duel: RECEIVED PEER HASH | match=-1779874300 sender=HOST forSeq=4 basedOnActionFromHost=False hash=p+6oWBVvhgpw/cwh
[Info   : KayceePvP] Duel (combat): COMBAT_PHASE_RESOLVED | self=PEER generation=4 playerIsAttacker=True
[Info   : KayceePvP] Duel (ability-trigger): GlobalTriggerHandler.TriggerCardsOnBoard(Trigger.TurnEnd) DISPATCHED | SELF=PEER playerTurnEndArg=True
[Info   : KayceePvP] Duel (turnend): TURN_END_TRIGGER_STARTED | self=PEER generation=4
[Info   : KayceePvP] Duel (turnend): TURN_END_TRIGGER_RESOLVED | self=PEER generation=4
[Info   : KayceePvP] Duel: LOCAL STATE HASH | match=-1779874300 forSeq=4 basedOnActionFromHost=False hash=p+6oWBVvhgpw/cwh state=[HOST=[EMPTY;EMPTY;EMPTY;EMPTY] PEER=[EMPTY;EMPTY;EMPTY;EMPTY] BAL=0 TURN=4 BATTLE=1 HW=0 PW=0]
[Info   : KayceePvP] Duel: STATE HASH MATCH | match=-1779874300 forSeq=4 basedOnActionFromHost=False hash=p+6oWBVvhgpw/cwh
[Info   : KayceePvP] NetworkOpponent: waiting for the peer's turn (4 opponent slots available). gen=3
[Info   : KayceePvP] Duel: TRACE_HANDLE_MESSAGE | self=PEER sender=HOST type=end_turn match=-1779874300 battle=1 turn=4 seq=6 currentTurn=4 isPlayerTurn=False netTransitMsApprox=-1538,6
[Info   : KayceePvP] Duel: RECEIVED | match=-1779874300 battle=1 turn=4 seq=6 sender=HOST type=end_turn queueBefore=0 queueAfter=1 currentTurn=4
[Info   : KayceePvP] NetworkOpponent: PROCESSING | gen=3 match=-1779874300 battle=1 turn=4 seq=6 type=end_turn queueBefore=1 queueAfter=0 currentTurn=4 isPlayerTurn=False queueDwellMs=9,3
[Info   : KayceePvP] Duel (combat): COMBAT_PHASE_STARTED | self=PEER generation=5 playerIsAttacker=False
[Info   : KayceePvP] Duel (combat): COMBAT_PHASE_RESOLVED | self=PEER generation=5 playerIsAttacker=False
[Info   : KayceePvP] Duel (ability-trigger): GlobalTriggerHandler.TriggerCardsOnBoard(Trigger.TurnEnd) DISPATCHED | SELF=PEER playerTurnEndArg=False
[Info   : KayceePvP] Duel (turnend): TURN_END_TRIGGER_STARTED | self=PEER generation=5
[Info   : KayceePvP] Duel (turnend): TURN_END_TRIGGER_RESOLVED | self=PEER generation=5
[Info   : KayceePvP] Duel: LOCAL STATE HASH | match=-1779874300 forSeq=6 basedOnActionFromHost=True hash=AEP+U1ft4015qu/4 state=[HOST=[EMPTY;EMPTY;EMPTY;EMPTY] PEER=[EMPTY;EMPTY;EMPTY;EMPTY] BAL=0 TURN=5 BATTLE=1 HW=0 PW=0]
[Info   : KayceePvP] Duel: TRACE_HANDLE_MESSAGE | self=PEER sender=HOST type=duel_state_hash match=-1779874300 battle=1 turn=5 seq=7 currentTurn=5 isPlayerTurn=True netTransitMsApprox=-1534,3
[Info   : KayceePvP] Duel: RECEIVED PEER HASH | match=-1779874300 sender=HOST forSeq=6 basedOnActionFromHost=True hash=AEP+U1ft4015qu/4
[Info   : KayceePvP] Duel: STATE HASH MATCH | match=-1779874300 forSeq=6 basedOnActionFromHost=True hash=AEP+U1ft4015qu/4
[Info   : KayceePvP] Duel: SENDING | match=-1779874300 turn=5 seq=7 sender=PEER type=end_turn cardsPlayedThisTurn=0
[Info   : KayceePvP] Duel (combat): COMBAT_PHASE_STARTED | self=PEER generation=6 playerIsAttacker=True
[Info   : KayceePvP] Duel: TRACE_HANDLE_MESSAGE | self=PEER sender=HOST type=duel_state_hash match=-1779874300 battle=1 turn=6 seq=8 currentTurn=5 isPlayerTurn=True netTransitMsApprox=-1546,7
[Info   : KayceePvP] Duel: RECEIVED PEER HASH | match=-1779874300 sender=HOST forSeq=7 basedOnActionFromHost=False hash=J5TNHxMUc0yJJcud
[Info   : KayceePvP] Duel (combat): COMBAT_PHASE_RESOLVED | self=PEER generation=6 playerIsAttacker=True
[Info   : KayceePvP] Duel (ability-trigger): GlobalTriggerHandler.TriggerCardsOnBoard(Trigger.TurnEnd) DISPATCHED | SELF=PEER playerTurnEndArg=True
[Info   : KayceePvP] Duel (turnend): TURN_END_TRIGGER_STARTED | self=PEER generation=6
[Info   : KayceePvP] Duel (turnend): TURN_END_TRIGGER_RESOLVED | self=PEER generation=6
[Info   : KayceePvP] Duel: LOCAL STATE HASH | match=-1779874300 forSeq=7 basedOnActionFromHost=False hash=J5TNHxMUc0yJJcud state=[HOST=[EMPTY;EMPTY;EMPTY;EMPTY] PEER=[EMPTY;EMPTY;EMPTY;EMPTY] BAL=0 TURN=6 BATTLE=1 HW=0 PW=0]
[Info   : KayceePvP] Duel: STATE HASH MATCH | match=-1779874300 forSeq=7 basedOnActionFromHost=False hash=J5TNHxMUc0yJJcud
[Info   : KayceePvP] NetworkOpponent: waiting for the peer's turn (4 opponent slots available). gen=4
[Info   : KayceePvP] Duel: TRACE_HANDLE_MESSAGE | self=PEER sender=HOST type=end_turn match=-1779874300 battle=1 turn=6 seq=9 currentTurn=6 isPlayerTurn=False netTransitMsApprox=-1558,2
[Info   : KayceePvP] Duel: RECEIVED | match=-1779874300 battle=1 turn=6 seq=9 sender=HOST type=end_turn queueBefore=0 queueAfter=1 currentTurn=6
[Info   : KayceePvP] NetworkOpponent: PROCESSING | gen=4 match=-1779874300 battle=1 turn=6 seq=9 type=end_turn queueBefore=1 queueAfter=0 currentTurn=6 isPlayerTurn=False queueDwellMs=10,6
[Info   : KayceePvP] Duel (combat): COMBAT_PHASE_STARTED | self=PEER generation=7 playerIsAttacker=False
[Info   : KayceePvP] Duel (combat): COMBAT_PHASE_RESOLVED | self=PEER generation=7 playerIsAttacker=False
[Info   : KayceePvP] Duel (ability-trigger): GlobalTriggerHandler.TriggerCardsOnBoard(Trigger.TurnEnd) DISPATCHED | SELF=PEER playerTurnEndArg=False
[Info   : KayceePvP] Duel (turnend): TURN_END_TRIGGER_STARTED | self=PEER generation=7
[Info   : KayceePvP] Duel (turnend): TURN_END_TRIGGER_RESOLVED | self=PEER generation=7
[Info   : KayceePvP] Duel: LOCAL STATE HASH | match=-1779874300 forSeq=9 basedOnActionFromHost=True hash=AYzSEdY8tar2OLyB state=[HOST=[EMPTY;EMPTY;EMPTY;EMPTY] PEER=[EMPTY;EMPTY;EMPTY;EMPTY] BAL=0 TURN=7 BATTLE=1 HW=0 PW=0]
[Info   : KayceePvP] Duel: TRACE_HANDLE_MESSAGE | self=PEER sender=HOST type=duel_state_hash match=-1779874300 battle=1 turn=7 seq=10 currentTurn=7 isPlayerTurn=True netTransitMsApprox=-1537,4
[Info   : KayceePvP] Duel: RECEIVED PEER HASH | match=-1779874300 sender=HOST forSeq=9 basedOnActionFromHost=True hash=AYzSEdY8tar2OLyB
[Info   : KayceePvP] Duel: STATE HASH MATCH | match=-1779874300 forSeq=9 basedOnActionFromHost=True hash=AYzSEdY8tar2OLyB
[Info   : KayceePvP] Duel: SENDING | match=-1779874300 turn=7 seq=10 sender=PEER type=end_turn cardsPlayedThisTurn=0
[Info   : KayceePvP] Duel (combat): COMBAT_PHASE_STARTED | self=PEER generation=8 playerIsAttacker=True
[Info   : KayceePvP] Duel: TRACE_HANDLE_MESSAGE | self=PEER sender=HOST type=duel_state_hash match=-1779874300 battle=1 turn=8 seq=11 currentTurn=7 isPlayerTurn=True netTransitMsApprox=-1551,8
[Info   : KayceePvP] Duel: RECEIVED PEER HASH | match=-1779874300 sender=HOST forSeq=10 basedOnActionFromHost=False hash=zdByJljXNJEJeRh9
[Info   : KayceePvP] Duel (combat): COMBAT_PHASE_RESOLVED | self=PEER generation=8 playerIsAttacker=True
[Info   : KayceePvP] Duel (ability-trigger): GlobalTriggerHandler.TriggerCardsOnBoard(Trigger.TurnEnd) DISPATCHED | SELF=PEER playerTurnEndArg=True
[Info   : KayceePvP] Duel (turnend): TURN_END_TRIGGER_STARTED | self=PEER generation=8
[Info   : KayceePvP] Duel (turnend): TURN_END_TRIGGER_RESOLVED | self=PEER generation=8
[Info   : KayceePvP] Duel: LOCAL STATE HASH | match=-1779874300 forSeq=10 basedOnActionFromHost=False hash=zdByJljXNJEJeRh9 state=[HOST=[EMPTY;EMPTY;EMPTY;EMPTY] PEER=[EMPTY;EMPTY;EMPTY;EMPTY] BAL=0 TURN=8 BATTLE=1 HW=0 PW=0]
[Info   : KayceePvP] Duel: STATE HASH MATCH | match=-1779874300 forSeq=10 basedOnActionFromHost=False hash=zdByJljXNJEJeRh9
[Info   : KayceePvP] NetworkOpponent: waiting for the peer's turn (4 opponent slots available). gen=5
[Info   : KayceePvP] Duel: TRACE_HANDLE_MESSAGE | self=PEER sender=HOST type=card_played match=-1779874300 battle=1 turn=8 seq=12 currentTurn=8 isPlayerTurn=False netTransitMsApprox=-1547,9
[Info   : KayceePvP] Duel: RECEIVED | match=-1779874300 battle=1 turn=8 seq=12 sender=HOST type=card_played card=Squirrel slot=1 queueBefore=0 queueAfter=1 currentTurn=8
[Info   : KayceePvP] NetworkOpponent: PROCESSING | gen=5 match=-1779874300 battle=1 turn=8 seq=12 type=card_played queueBefore=1 queueAfter=0 currentTurn=8 isPlayerTurn=False queueDwellMs=11,8
[Info   : KayceePvP] NetworkOpponent: queueing 'Squirrel' onto opponent slot 1.
[Info   : KayceePvP] Duel: TRACE_HANDLE_MESSAGE | self=PEER sender=HOST type=duel_state_hash match=-1779874300 battle=1 turn=8 seq=13 currentTurn=8 isPlayerTurn=False netTransitMsApprox=-1562,5
[Info   : KayceePvP] Duel: RECEIVED PEER HASH | match=-1779874300 sender=HOST forSeq=12 basedOnActionFromHost=True hash=Van8MyYuWdb/y9Ec
[Info   : KayceePvP] Duel: LOCAL STATE HASH | match=-1779874300 forSeq=12 basedOnActionFromHost=True hash=Van8MyYuWdb/y9Ec state=[HOST=[EMPTY;Squirrel/0/1/[];EMPTY;EMPTY] PEER=[EMPTY;EMPTY;EMPTY;EMPTY] BAL=0 TURN=8 BATTLE=1 HW=0 PW=0]
[Info   : KayceePvP] Duel: STATE HASH MATCH | match=-1779874300 forSeq=12 basedOnActionFromHost=True hash=Van8MyYuWdb/y9Ec
[Info   : KayceePvP] Duel: TRACE_HANDLE_MESSAGE | self=PEER sender=HOST type=end_turn match=-1779874300 battle=1 turn=8 seq=14 currentTurn=8 isPlayerTurn=False netTransitMsApprox=-1531,6
[Info   : KayceePvP] Duel: RECEIVED | match=-1779874300 battle=1 turn=8 seq=14 sender=HOST type=end_turn queueBefore=0 queueAfter=1 currentTurn=8
[Info   : KayceePvP] NetworkOpponent: PROCESSING | gen=5 match=-1779874300 battle=1 turn=8 seq=14 type=end_turn queueBefore=1 queueAfter=0 currentTurn=8 isPlayerTurn=False queueDwellMs=4,1
[Info   : KayceePvP] Duel (combat): COMBAT_PHASE_STARTED | self=PEER generation=9 playerIsAttacker=False
[Info   : KayceePvP] Duel (combat): COMBAT_PHASE_RESOLVED | self=PEER generation=9 playerIsAttacker=False
[Info   : KayceePvP] Duel (ability-trigger): GlobalTriggerHandler.TriggerCardsOnBoard(Trigger.TurnEnd) DISPATCHED | SELF=PEER playerTurnEndArg=False
[Info   : KayceePvP] Duel (turnend): TURN_END_TRIGGER_STARTED | self=PEER generation=9
[Info   : KayceePvP] Duel (turnend): TURN_END_TRIGGER_RESOLVED | self=PEER generation=9
[Info   : KayceePvP] Duel: LOCAL STATE HASH | match=-1779874300 forSeq=14 basedOnActionFromHost=True hash=GptwWKpFMCPDYTUI state=[HOST=[EMPTY;Squirrel/0/1/[];EMPTY;EMPTY] PEER=[EMPTY;EMPTY;EMPTY;EMPTY] BAL=0 TURN=9 BATTLE=1 HW=0 PW=0]
[Info   : KayceePvP] Duel: TRACE_HANDLE_MESSAGE | self=PEER sender=HOST type=duel_state_hash match=-1779874300 battle=1 turn=9 seq=15 currentTurn=9 isPlayerTurn=True netTransitMsApprox=-1554,4
[Info   : KayceePvP] Duel: RECEIVED PEER HASH | match=-1779874300 sender=HOST forSeq=14 basedOnActionFromHost=True hash=GptwWKpFMCPDYTUI
[Info   : KayceePvP] Duel: STATE HASH MATCH | match=-1779874300 forSeq=14 basedOnActionFromHost=True hash=GptwWKpFMCPDYTUI
[Info   : KayceePvP] Duel: SENDING | match=-1779874300 turn=9 seq=14 sender=PEER type=end_turn cardsPlayedThisTurn=0
[Info   : KayceePvP] Duel (combat): COMBAT_PHASE_STARTED | self=PEER generation=10 playerIsAttacker=True
[Info   : KayceePvP] Duel: TRACE_HANDLE_MESSAGE | self=PEER sender=HOST type=duel_state_hash match=-1779874300 battle=1 turn=10 seq=16 currentTurn=9 isPlayerTurn=True netTransitMsApprox=-1554,9
[Info   : KayceePvP] Duel: RECEIVED PEER HASH | match=-1779874300 sender=HOST forSeq=14 basedOnActionFromHost=False hash=EcNUgp+m/UYXb9Y/
[Info   : KayceePvP] Duel (combat): COMBAT_PHASE_RESOLVED | self=PEER generation=10 playerIsAttacker=True
[Info   : KayceePvP] Duel (ability-trigger): GlobalTriggerHandler.TriggerCardsOnBoard(Trigger.TurnEnd) DISPATCHED | SELF=PEER playerTurnEndArg=True
[Info   : KayceePvP] Duel (turnend): TURN_END_TRIGGER_STARTED | self=PEER generation=10
[Info   : KayceePvP] Duel (turnend): TURN_END_TRIGGER_RESOLVED | self=PEER generation=10
[Info   : KayceePvP] Duel: LOCAL STATE HASH | match=-1779874300 forSeq=14 basedOnActionFromHost=False hash=EcNUgp+m/UYXb9Y/ state=[HOST=[EMPTY;Squirrel/0/1/[];EMPTY;EMPTY] PEER=[EMPTY;EMPTY;EMPTY;EMPTY] BAL=0 TURN=10 BATTLE=1 HW=0 PW=0]
[Info   : KayceePvP] Duel: STATE HASH MATCH | match=-1779874300 forSeq=14 basedOnActionFromHost=False hash=EcNUgp+m/UYXb9Y/
[Info   : KayceePvP] NetworkOpponent: waiting for the peer's turn (4 opponent slots available). gen=6
[Error  : Unity Log] NullReferenceException: Object reference not set to an instance of an object
Stack trace:
DiskCardGame.ConsumableItemSlot.OnCursorStay () (at <4bde92741da1454db82522c215e393a6>:0)
DiskCardGame.MainInputInteractable.CursorStay () (at <4bde92741da1454db82522c215e393a6>:0)
DiskCardGame.InteractionCursor.UpdateMainInput () (at <4bde92741da1454db82522c215e393a6>:0)
DiskCardGame.InteractionCursor.ManagedUpdate () (at <4bde92741da1454db82522c215e393a6>:0)
FrameLoopManager.ExecuteIteration (FrameLoopManager+IterationType type) (at <4bde92741da1454db82522c215e393a6>:0)
FrameLoopManager.Update () (at <4bde92741da1454db82522c215e393a6>:0)

[Info   : KayceePvP] Duel: TRACE_HANDLE_MESSAGE | self=PEER sender=HOST type=card_played match=-1779874300 battle=1 turn=10 seq=17 currentTurn=10 isPlayerTurn=False netTransitMsApprox=1216,8
[Info   : KayceePvP] Duel: RECEIVED | match=-1779874300 battle=1 turn=10 seq=17 sender=HOST type=card_played card=Squirrel slot=0 queueBefore=0 queueAfter=1 currentTurn=10
[Info   : KayceePvP] Duel: TRACE_HANDLE_MESSAGE | self=PEER sender=HOST type=duel_state_hash match=-1779874300 battle=1 turn=10 seq=18 currentTurn=10 isPlayerTurn=False netTransitMsApprox=1163,7
[Info   : KayceePvP] Duel: RECEIVED PEER HASH | match=-1779874300 sender=HOST forSeq=17 basedOnActionFromHost=True hash=xux1a+oOFeae42JF
[Info   : KayceePvP] NetworkOpponent: PROCESSING | gen=6 match=-1779874300 battle=1 turn=10 seq=17 type=card_played queueBefore=1 queueAfter=0 currentTurn=10 isPlayerTurn=False queueDwellMs=9,1
[Info   : KayceePvP] NetworkOpponent: queueing 'Squirrel' onto opponent slot 0.
[Info   : KayceePvP] Duel: LOCAL STATE HASH | match=-1779874300 forSeq=17 basedOnActionFromHost=True hash=xux1a+oOFeae42JF state=[HOST=[Squirrel/0/1/[];Squirrel/0/1/[];EMPTY;EMPTY] PEER=[EMPTY;EMPTY;EMPTY;EMPTY] BAL=0 TURN=10 BATTLE=1 HW=0 PW=0]
[Info   : KayceePvP] Duel: STATE HASH MATCH | match=-1779874300 forSeq=17 basedOnActionFromHost=True hash=xux1a+oOFeae42JF
[Info   : KayceePvP] Duel: TRACE_HANDLE_MESSAGE | self=PEER sender=HOST type=card_played match=-1779874300 battle=1 turn=10 seq=19 currentTurn=10 isPlayerTurn=False netTransitMsApprox=-1516,6
[Info   : KayceePvP] Duel: RECEIVED | match=-1779874300 battle=1 turn=10 seq=19 sender=HOST type=card_played card=Pronghorn slot=1 queueBefore=0 queueAfter=1 currentTurn=10
[Info   : KayceePvP] Duel: TRACE_HANDLE_MESSAGE | self=PEER sender=HOST type=duel_state_hash match=-1779874300 battle=1 turn=10 seq=20 currentTurn=10 isPlayerTurn=False netTransitMsApprox=-1559,1
[Info   : KayceePvP] Duel: RECEIVED PEER HASH | match=-1779874300 sender=HOST forSeq=19 basedOnActionFromHost=True hash=BO+v7yMnF2jQ4CjE
[Info   : KayceePvP] NetworkOpponent: PROCESSING | gen=6 match=-1779874300 battle=1 turn=10 seq=19 type=card_played queueBefore=1 queueAfter=0 currentTurn=10 isPlayerTurn=False queueDwellMs=23,5
[Info   : KayceePvP] NetworkOpponent: applying remote sacrifice at slot 0 ('Squirrel').
[Info   : KayceePvP] NetworkOpponent: applying remote sacrifice at slot 1 ('Squirrel').
[Info   : KayceePvP] Duel (card-sync): RECV card='Pronghorn' | SELF=PEER RECONSTRUCTED_BASE=[3+24] WIRE=[3+24] TO_ADD=[] TO_NEGATE=[] FINAL_EFFECTIVE=[3+24]
[Info   : KayceePvP] NetworkOpponent: queueing 'Pronghorn' onto opponent slot 1.
[Info   : KayceePvP] Duel: LOCAL STATE HASH | match=-1779874300 forSeq=19 basedOnActionFromHost=True hash=BO+v7yMnF2jQ4CjE state=[HOST=[EMPTY;Pronghorn/1/3/[3,24];EMPTY;EMPTY] PEER=[EMPTY;EMPTY;EMPTY;EMPTY] BAL=0 TURN=10 BATTLE=1 HW=0 PW=0]
[Info   : KayceePvP] Duel: STATE HASH MATCH | match=-1779874300 forSeq=19 basedOnActionFromHost=True hash=BO+v7yMnF2jQ4CjE
[Info   : KayceePvP] Duel: TRACE_HANDLE_MESSAGE | self=PEER sender=HOST type=card_played match=-1779874300 battle=1 turn=10 seq=21 currentTurn=10 isPlayerTurn=False netTransitMsApprox=-1551,9
[Info   : KayceePvP] Duel: RECEIVED | match=-1779874300 battle=1 turn=10 seq=21 sender=HOST type=card_played card=Beehive slot=1 queueBefore=0 queueAfter=1 currentTurn=10
[Info   : KayceePvP] NetworkOpponent: PROCESSING | gen=6 match=-1779874300 battle=1 turn=10 seq=21 type=card_played queueBefore=1 queueAfter=0 currentTurn=10 isPlayerTurn=False queueDwellMs=18,7
[Info   : KayceePvP] Duel: TRACE_HANDLE_MESSAGE | self=PEER sender=HOST type=duel_state_hash match=-1779874300 battle=1 turn=10 seq=22 currentTurn=10 isPlayerTurn=False netTransitMsApprox=-1543,2
[Info   : KayceePvP] Duel: RECEIVED PEER HASH | match=-1779874300 sender=HOST forSeq=21 basedOnActionFromHost=True hash=WFp63+/FBbJKmdvf
[Info   : KayceePvP] NetworkOpponent: applying remote sacrifice at slot 1 ('Pronghorn').
[Info   : KayceePvP] Duel (card-sync): RECV card='Beehive' | SELF=PEER RECONSTRUCTED_BASE=[2] WIRE=[2+11+20] TO_ADD=[11+20] TO_NEGATE=[] FINAL_EFFECTIVE=[2+11+20]
[Info   : KayceePvP] NetworkOpponent: queueing 'Beehive' onto opponent slot 1.
[Info   : KayceePvP] Duel: LOCAL STATE HASH | match=-1779874300 forSeq=21 basedOnActionFromHost=True hash=WFp63+/FBbJKmdvf state=[HOST=[EMPTY;Beehive/0/2/[2,11,20];EMPTY;EMPTY] PEER=[EMPTY;EMPTY;EMPTY;EMPTY] BAL=0 TURN=10 BATTLE=1 HW=0 PW=0]
[Info   : KayceePvP] Duel: STATE HASH MATCH | match=-1779874300 forSeq=21 basedOnActionFromHost=True hash=WFp63+/FBbJKmdvf
[Info   : KayceePvP] Duel: TRACE_HANDLE_MESSAGE | self=PEER sender=HOST type=end_turn match=-1779874300 battle=1 turn=10 seq=23 currentTurn=10 isPlayerTurn=False netTransitMsApprox=-1522,9
[Info   : KayceePvP] Duel: RECEIVED | match=-1779874300 battle=1 turn=10 seq=23 sender=HOST type=end_turn queueBefore=0 queueAfter=1 currentTurn=10
[Info   : KayceePvP] NetworkOpponent: PROCESSING | gen=6 match=-1779874300 battle=1 turn=10 seq=23 type=end_turn queueBefore=1 queueAfter=0 currentTurn=10 isPlayerTurn=False queueDwellMs=4,1
[Info   : KayceePvP] Duel (combat): COMBAT_PHASE_STARTED | self=PEER generation=11 playerIsAttacker=False
[Info   : KayceePvP] Duel (combat): COMBAT_PHASE_RESOLVED | self=PEER generation=11 playerIsAttacker=False
[Info   : KayceePvP] Duel (ability-trigger): GlobalTriggerHandler.TriggerCardsOnBoard(Trigger.TurnEnd) DISPATCHED | SELF=PEER playerTurnEndArg=False
[Info   : KayceePvP] Duel (turnend): TURN_END_TRIGGER_STARTED | self=PEER generation=11
[Info   : KayceePvP] Duel (turnend): TURN_END_TRIGGER_RESOLVED | self=PEER generation=11
[Info   : KayceePvP] Duel: LOCAL STATE HASH | match=-1779874300 forSeq=23 basedOnActionFromHost=True hash=AJmpDoFXFhkG4vXB state=[HOST=[EMPTY;Beehive/0/2/[2,11,20];EMPTY;EMPTY] PEER=[EMPTY;EMPTY;EMPTY;EMPTY] BAL=0 TURN=11 BATTLE=1 HW=0 PW=0]
[Info   : KayceePvP] Duel: TRACE_HANDLE_MESSAGE | self=PEER sender=HOST type=duel_state_hash match=-1779874300 battle=1 turn=11 seq=24 currentTurn=11 isPlayerTurn=True netTransitMsApprox=-1523,5
[Info   : KayceePvP] Duel: RECEIVED PEER HASH | match=-1779874300 sender=HOST forSeq=23 basedOnActionFromHost=True hash=AJmpDoFXFhkG4vXB
[Info   : KayceePvP] Duel: STATE HASH MATCH | match=-1779874300 forSeq=23 basedOnActionFromHost=True hash=AJmpDoFXFhkG4vXB
[Info   : KayceePvP] Duel: SENDING | match=-1779874300 turn=11 seq=20 sender=PEER type=end_turn cardsPlayedThisTurn=0
[Info   : KayceePvP] Duel (combat): COMBAT_PHASE_STARTED | self=PEER generation=12 playerIsAttacker=True
[Info   : KayceePvP] Duel: TRACE_HANDLE_MESSAGE | self=PEER sender=HOST type=duel_state_hash match=-1779874300 battle=1 turn=12 seq=25 currentTurn=11 isPlayerTurn=True netTransitMsApprox=-1547,0
[Info   : KayceePvP] Duel: RECEIVED PEER HASH | match=-1779874300 sender=HOST forSeq=20 basedOnActionFromHost=False hash=o79P03fAobhq9Xj+
[Info   : KayceePvP] Duel (combat): COMBAT_PHASE_RESOLVED | self=PEER generation=12 playerIsAttacker=True
[Info   : KayceePvP] Duel (ability-trigger): GlobalTriggerHandler.TriggerCardsOnBoard(Trigger.TurnEnd) DISPATCHED | SELF=PEER playerTurnEndArg=True
[Info   : KayceePvP] Duel (turnend): TURN_END_TRIGGER_STARTED | self=PEER generation=12
[Info   : KayceePvP] Duel (turnend): TURN_END_TRIGGER_RESOLVED | self=PEER generation=12
[Info   : KayceePvP] Duel: LOCAL STATE HASH | match=-1779874300 forSeq=20 basedOnActionFromHost=False hash=o79P03fAobhq9Xj+ state=[HOST=[EMPTY;Beehive/0/2/[2,11,20];EMPTY;EMPTY] PEER=[EMPTY;EMPTY;EMPTY;EMPTY] BAL=0 TURN=12 BATTLE=1 HW=0 PW=0]
[Info   : KayceePvP] Duel: STATE HASH MATCH | match=-1779874300 forSeq=20 basedOnActionFromHost=False hash=o79P03fAobhq9Xj+
[Info   : KayceePvP] NetworkOpponent: waiting for the peer's turn (4 opponent slots available). gen=7
[Info   : KayceePvP] Duel: TRACE_HANDLE_MESSAGE | self=PEER sender=HOST type=end_turn match=-1779874300 battle=1 turn=12 seq=26 currentTurn=12 isPlayerTurn=False netTransitMsApprox=-1555,1
[Info   : KayceePvP] Duel: RECEIVED | match=-1779874300 battle=1 turn=12 seq=26 sender=HOST type=end_turn queueBefore=0 queueAfter=1 currentTurn=12
[Info   : KayceePvP] NetworkOpponent: PROCESSING | gen=7 match=-1779874300 battle=1 turn=12 seq=26 type=end_turn queueBefore=1 queueAfter=0 currentTurn=12 isPlayerTurn=False queueDwellMs=16,3
[Info   : KayceePvP] Duel (combat): COMBAT_PHASE_STARTED | self=PEER generation=13 playerIsAttacker=False
[Info   : KayceePvP] Duel (combat): COMBAT_PHASE_RESOLVED | self=PEER generation=13 playerIsAttacker=False
[Info   : KayceePvP] Duel (ability-trigger): GlobalTriggerHandler.TriggerCardsOnBoard(Trigger.TurnEnd) DISPATCHED | SELF=PEER playerTurnEndArg=False
[Info   : KayceePvP] Duel (turnend): TURN_END_TRIGGER_STARTED | self=PEER generation=13
[Info   : KayceePvP] Duel (turnend): TURN_END_TRIGGER_RESOLVED | self=PEER generation=13
[Info   : KayceePvP] Duel: LOCAL STATE HASH | match=-1779874300 forSeq=26 basedOnActionFromHost=True hash=covHe+bBM4Bv/va6 state=[HOST=[EMPTY;Beehive/0/2/[2,11,20];EMPTY;EMPTY] PEER=[EMPTY;EMPTY;EMPTY;EMPTY] BAL=0 TURN=13 BATTLE=1 HW=0 PW=0]
[Info   : KayceePvP] Duel: TRACE_HANDLE_MESSAGE | self=PEER sender=HOST type=duel_state_hash match=-1779874300 battle=1 turn=13 seq=27 currentTurn=13 isPlayerTurn=True netTransitMsApprox=-1527,4
[Info   : KayceePvP] Duel: RECEIVED PEER HASH | match=-1779874300 sender=HOST forSeq=26 basedOnActionFromHost=True hash=covHe+bBM4Bv/va6
[Info   : KayceePvP] Duel: STATE HASH MATCH | match=-1779874300 forSeq=26 basedOnActionFromHost=True hash=covHe+bBM4Bv/va6
[Info   : KayceePvP] Duel: SENDING | match=-1779874300 turn=13 seq=23 sender=PEER type=card_played card=Squirrel slot=0
[Info   : KayceePvP] Duel: LOCAL STATE HASH | match=-1779874300 forSeq=23 basedOnActionFromHost=False hash=GDBfomzEIPFjXe4f state=[HOST=[EMPTY;Beehive/0/2/[2,11,20];EMPTY;EMPTY] PEER=[Squirrel/0/1/[];EMPTY;EMPTY;EMPTY] BAL=0 TURN=13 BATTLE=1 HW=0 PW=0]
[Info   : KayceePvP] Duel: TRACE_HANDLE_MESSAGE | self=PEER sender=HOST type=duel_state_hash match=-1779874300 battle=1 turn=13 seq=28 currentTurn=13 isPlayerTurn=True netTransitMsApprox=-1534,3
[Info   : KayceePvP] Duel: RECEIVED PEER HASH | match=-1779874300 sender=HOST forSeq=23 basedOnActionFromHost=False hash=GDBfomzEIPFjXe4f
[Info   : KayceePvP] Duel: STATE HASH MATCH | match=-1779874300 forSeq=23 basedOnActionFromHost=False hash=GDBfomzEIPFjXe4f
[Info   : KayceePvP] Duel: SENDING | match=-1779874300 turn=13 seq=25 sender=PEER type=card_played card=Squirrel slot=1
[Info   : KayceePvP] Duel: LOCAL STATE HASH | match=-1779874300 forSeq=25 basedOnActionFromHost=False hash=N91V4KietunC2ud2 state=[HOST=[EMPTY;Beehive/0/2/[2,11,20];EMPTY;EMPTY] PEER=[Squirrel/0/1/[];Squirrel/0/1/[];EMPTY;EMPTY] BAL=0 TURN=13 BATTLE=1 HW=0 PW=0]
[Info   : KayceePvP] Duel: TRACE_HANDLE_MESSAGE | self=PEER sender=HOST type=duel_state_hash match=-1779874300 battle=1 turn=13 seq=29 currentTurn=13 isPlayerTurn=True netTransitMsApprox=-1541,0
[Info   : KayceePvP] Duel: RECEIVED PEER HASH | match=-1779874300 sender=HOST forSeq=25 basedOnActionFromHost=False hash=N91V4KietunC2ud2
[Info   : KayceePvP] Duel: STATE HASH MATCH | match=-1779874300 forSeq=25 basedOnActionFromHost=False hash=N91V4KietunC2ud2
[Info   : KayceePvP] Duel: captured sacrifice of 'Squirrel' at slot 0 - will attach to the next card_played broadcast.
[Info   : KayceePvP] Duel: captured sacrifice of 'Squirrel' at slot 1 - will attach to the next card_played broadcast.
[Info   : KayceePvP] Duel: SENDING | match=-1779874300 turn=13 seq=27 sender=PEER type=card_played card=Pronghorn slot=0 sacrificedSlots=[0,1]
[Info   : KayceePvP] Duel: LOCAL STATE HASH | match=-1779874300 forSeq=27 basedOnActionFromHost=False hash=l5A9dzqeZtynaL0f state=[HOST=[EMPTY;Beehive/0/2/[2,11,20];EMPTY;EMPTY] PEER=[Pronghorn/1/3/[3,24];EMPTY;EMPTY;EMPTY] BAL=0 TURN=13 BATTLE=1 HW=0 PW=0]
[Info   : KayceePvP] Duel: TRACE_HANDLE_MESSAGE | self=PEER sender=HOST type=duel_state_hash match=-1779874300 battle=1 turn=13 seq=30 currentTurn=13 isPlayerTurn=True netTransitMsApprox=-1535,4
[Info   : KayceePvP] Duel: RECEIVED PEER HASH | match=-1779874300 sender=HOST forSeq=27 basedOnActionFromHost=False hash=l5A9dzqeZtynaL0f
[Info   : KayceePvP] Duel: STATE HASH MATCH | match=-1779874300 forSeq=27 basedOnActionFromHost=False hash=l5A9dzqeZtynaL0f
[Info   : KayceePvP] Duel: SENDING | match=-1779874300 turn=13 seq=29 sender=PEER type=card_played card=Squirrel slot=1
[Info   : KayceePvP] Duel: LOCAL STATE HASH | match=-1779874300 forSeq=29 basedOnActionFromHost=False hash=sl0W3YYd1Us7kLzj state=[HOST=[EMPTY;Beehive/0/2/[2,11,20];EMPTY;EMPTY] PEER=[Pronghorn/1/3/[3,24];Squirrel/0/1/[];EMPTY;EMPTY] BAL=0 TURN=13 BATTLE=1 HW=0 PW=0]
[Info   : KayceePvP] Duel: TRACE_HANDLE_MESSAGE | self=PEER sender=HOST type=duel_state_hash match=-1779874300 battle=1 turn=13 seq=31 currentTurn=13 isPlayerTurn=True netTransitMsApprox=-1553,1
[Info   : KayceePvP] Duel: RECEIVED PEER HASH | match=-1779874300 sender=HOST forSeq=29 basedOnActionFromHost=False hash=sl0W3YYd1Us7kLzj
[Info   : KayceePvP] Duel: STATE HASH MATCH | match=-1779874300 forSeq=29 basedOnActionFromHost=False hash=sl0W3YYd1Us7kLzj
[Info   : KayceePvP] Duel: captured sacrifice of 'Pronghorn' at slot 0 - will attach to the next card_played broadcast.
[Info   : KayceePvP] Duel: captured sacrifice of 'Squirrel' at slot 1 - will attach to the next card_played broadcast.
[Info   : KayceePvP] Duel: SENDING | match=-1779874300 turn=13 seq=31 sender=PEER type=card_played card=Pronghorn slot=0 sacrificedSlots=[0,1]
[Info   : KayceePvP] Duel: LOCAL STATE HASH | match=-1779874300 forSeq=31 basedOnActionFromHost=False hash=l5A9dzqeZtynaL0f state=[HOST=[EMPTY;Beehive/0/2/[2,11,20];EMPTY;EMPTY] PEER=[Pronghorn/1/3/[3,24];EMPTY;EMPTY;EMPTY] BAL=0 TURN=13 BATTLE=1 HW=0 PW=0]
[Info   : KayceePvP] Duel: TRACE_HANDLE_MESSAGE | self=PEER sender=HOST type=duel_state_hash match=-1779874300 battle=1 turn=13 seq=32 currentTurn=13 isPlayerTurn=True netTransitMsApprox=-1541,4
[Info   : KayceePvP] Duel: RECEIVED PEER HASH | match=-1779874300 sender=HOST forSeq=31 basedOnActionFromHost=False hash=l5A9dzqeZtynaL0f
[Info   : KayceePvP] Duel: STATE HASH MATCH | match=-1779874300 forSeq=31 basedOnActionFromHost=False hash=l5A9dzqeZtynaL0f
[Info   : KayceePvP] Duel: SENDING | match=-1779874300 turn=13 seq=33 sender=PEER type=card_played card=Snelk slot=1
[Info   : KayceePvP] Duel: LOCAL STATE HASH | match=-1779874300 forSeq=33 basedOnActionFromHost=False hash=jFZB+gdE/7rDBtV+ state=[HOST=[EMPTY;Beehive/0/2/[2,11,20];EMPTY;EMPTY] PEER=[Pronghorn/1/3/[3,24];Snelk/1/2/[3,4];EMPTY;EMPTY] BAL=0 TURN=13 BATTLE=1 HW=0 PW=0]
[Info   : KayceePvP] Duel: TRACE_HANDLE_MESSAGE | self=PEER sender=HOST type=duel_state_hash match=-1779874300 battle=1 turn=13 seq=33 currentTurn=13 isPlayerTurn=True netTransitMsApprox=-1552,9
[Info   : KayceePvP] Duel: RECEIVED PEER HASH | match=-1779874300 sender=HOST forSeq=33 basedOnActionFromHost=False hash=jFZB+gdE/7rDBtV+
[Info   : KayceePvP] Duel: STATE HASH MATCH | match=-1779874300 forSeq=33 basedOnActionFromHost=False hash=jFZB+gdE/7rDBtV+
[Info   : KayceePvP] Duel: SENDING | match=-1779874300 turn=13 seq=35 sender=PEER type=end_turn cardsPlayedThisTurn=6
[Info   : KayceePvP] Duel (combat): COMBAT_PHASE_STARTED | self=PEER generation=14 playerIsAttacker=True
[Info   : KayceePvP] Duel (ownership): suppressed DrawCreatedCard's card-to-hand | ABSOLUTE_OWNER=HOST LOCAL_SIDE=OPPONENT SELF=PEER ABILITY=DrawCreatedCard card='Beehive' - would have wrongly gone to the local player's hand.
[Info   : KayceePvP] Duel (ownership): suppressed DrawCreatedCard's card-to-hand | ABSOLUTE_OWNER=HOST LOCAL_SIDE=OPPONENT SELF=PEER ABILITY=DrawCreatedCard card='Beehive' - would have wrongly gone to the local player's hand.
[Info   : KayceePvP] Duel (combat): COMBAT_PHASE_RESOLVED | self=PEER generation=14 playerIsAttacker=True
[Info   : KayceePvP] Duel (ability-trigger): GlobalTriggerHandler.TriggerCardsOnBoard(Trigger.TurnEnd) DISPATCHED | SELF=PEER playerTurnEndArg=True
[Info   : KayceePvP] Duel (turnend): TURN_END_TRIGGER_STARTED | self=PEER generation=14
[Info   : KayceePvP] Duel (ability-trigger): Strafe.RespondsToTurnEnd | ABILITY=Strafe CARD='Pronghorn' CARD_ABSOLUTE_OWNER=PEER LOCAL_SIDE=PLAYER SELF=PEER playerTurnEnd=True RESULT=True
[Info   : KayceePvP] Duel (ability-trigger): Strafe.RespondsToTurnEnd | ABILITY=Strafe CARD='Pronghorn' CARD_ABSOLUTE_OWNER=PEER LOCAL_SIDE=PLAYER SELF=PEER playerTurnEnd=True RESULT=True
[Info   : KayceePvP] Duel (ability-trigger): Strafe.OnTurnEnd STARTED | ABILITY=Strafe CARD='Pronghorn' CARD_ABSOLUTE_OWNER=PEER LOCAL_SIDE=PLAYER SELF=PEER playerTurnEnd=True cardSlot=0
[Info   : KayceePvP] Duel (ability-trigger): Strafe.RespondsToTurnEnd | ABILITY=Strafe CARD='Snelk' CARD_ABSOLUTE_OWNER=PEER LOCAL_SIDE=PLAYER SELF=PEER playerTurnEnd=True RESULT=True
[Info   : KayceePvP] Duel (ability-trigger): Strafe.RespondsToTurnEnd | ABILITY=Strafe CARD='Snelk' CARD_ABSOLUTE_OWNER=PEER LOCAL_SIDE=PLAYER SELF=PEER playerTurnEnd=True RESULT=True
[Info   : KayceePvP] Duel (ability-trigger): Strafe.OnTurnEnd STARTED | ABILITY=Strafe CARD='Snelk' CARD_ABSOLUTE_OWNER=PEER LOCAL_SIDE=PLAYER SELF=PEER playerTurnEnd=True cardSlot=1
[Info   : KayceePvP] Duel (turnend): TURN_END_TRIGGER_RESOLVED | self=PEER generation=14
[Info   : KayceePvP] Duel: LOCAL STATE HASH | match=-1779874300 forSeq=35 basedOnActionFromHost=False hash=D8oJQO7dzF2w7Tbg state=[HOST=[EMPTY;EMPTY;EMPTY;EMPTY] PEER=[Pronghorn/1/3/[3,24];Snelk_Neck/0/1/[];Snelk/1/2/[3,4];EMPTY] BAL=0 TURN=14 BATTLE=1 HW=0 PW=0]
[Info   : KayceePvP] NetworkOpponent: waiting for the peer's turn (4 opponent slots available). gen=8
